<html><body><div id="navigation">
        This is navigation
        <ul>
                            In step
                <li class="" wire:click="showStep('first-step')">First step</li>
                            In step
                <li class="text-bold">Second step</li>
                            In step
                <li class="">Third step</li>
                    </ul>
    </div></body></html>
